// Jest Snapshot v1, https://goo.gl/fbAQLP

exports[`<MyButton /> renders correctly 1`] = `
<View
  accessible={true}
  focusable={true}
  onBlur={[Function]}
  onClick={[Function]}
  onFocus={[Function]}
  onResponderGrant={[Function]}
  onResponderMove={[Function]}
  onResponderRelease={[Function]}
  onResponderTerminate={[Function]}
  onResponderTerminationRequest={[Function]}
  onStartShouldSetResponder={[Function]}
  style={
    Array [
      Object {
        "alignItems": "center",
        "height": 50,
        "justifyContent": "center",
        "paddingHorizontal": 12,
      },
      Object {
        "backgroundColor": "blue",
        "opacity": 1,
      },
    ]
  }
>
  <Text
    style={
      Object {
        "color": "white",
        "fontSize": 30,
      }
    }
  >
    Test!
  </Text>
</View>
`;
